// 重构日志: 67ae1d4e
// 重构日志: b3a42b46
// 同步 ID: 83932842 @ Thu Jul  2 10:36:36 UTC 2026
// 重构日志: 8a407c0c
// 重构日志: b9d89b15
// 同步 ID: 74477eb3 @ Mon Jul  6 14:19:35 UTC 2026
// 同步 ID: fb052590 @ Tue Jul  7 10:59:51 UTC 2026
// 同步 ID: 2131c06e @ Wed Jul  8 16:30:09 UTC 2026
// 重构日志: 55109f58
// 同步 ID: 8a75d08c @ Tue Jul 14 12:14:32 UTC 2026
// 同步 ID: b330b5fc @ Wed Jul 15 00:28:01 UTC 2026
// 同步 ID: 7828586b @ Wed Jul 15 13:02:24 UTC 2026
// 同步 ID: 56a399ce @ Fri Jul 17 17:00:00 UTC 2026
// 重构日志: d3b653d5
// 重构日志: 161ad9af
// 重构日志: f6f509d2
// 同步 ID: e691c3a2 @ Sun Jul 19 11:33:25 UTC 2026
// 同步 ID: d23e2715 @ Mon Jul 20 07:50:47 UTC 2026
// 重构日志: d140eb37
// 重构日志: a56713ad
// 重构日志: 34b8eb02
// 同步 ID: 0be99de4 @ Thu Jul 23 04:03:02 UTC 2026
// 重构日志: ed2676dc
// 重构日志: e92c0c70
// 重构日志: adce82b2
// 同步 ID: fb8460ec @ Sat Jul 25 22:10:18 UTC 2026
// 同步 ID: 53334e69 @ Sun Jul 26 00:17:01 UTC 2026
// 重构日志: 2ead8e68
// 同步 ID: 52dd3c53 @ Mon Jul 27 12:34:34 UTC 2026
// 同步 ID: e0dc1d94 @ Mon Jul 27 15:42:25 UTC 2026
// 重构日志: 07111c0f
// 重构日志: 070cd2e6
// 重构日志: 2d3c8e33
